---
source: crates/mun_hir/src/ty/tests.rs
expression: "fn foo(mut a:i32, mut b:f64) {\n    a += 3;\n    a -= 3;\n    a *= 3;\n    a /= 3;\n    a %= 3;\n    b += 3.0;\n    b -= 3.0;\n    b *= 3.0;\n    b /= 3.0;\n    b %= 3.0;\n    a *= 3.0; // mismatched type\n    b *= 3; // mismatched type\n}"
---
[170; 173): mismatched type
[203; 204): mismatched type
[7; 12) 'mut a': i32
[18; 23) 'mut b': f64
[29; 226) '{     ...type }': nothing
[35; 36) 'a': i32
[35; 41) 'a += 3': nothing
[40; 41) '3': i32
[47; 48) 'a': i32
[47; 53) 'a -= 3': nothing
[52; 53) '3': i32
[59; 60) 'a': i32
[59; 65) 'a *= 3': nothing
[64; 65) '3': i32
[71; 72) 'a': i32
[71; 77) 'a /= 3': nothing
[76; 77) '3': i32
[83; 84) 'a': i32
[83; 89) 'a %= 3': nothing
[88; 89) '3': i32
[95; 96) 'b': f64
[95; 103) 'b += 3.0': nothing
[100; 103) '3.0': f64
[109; 110) 'b': f64
[109; 117) 'b -= 3.0': nothing
[114; 117) '3.0': f64
[123; 124) 'b': f64
[123; 131) 'b *= 3.0': nothing
[128; 131) '3.0': f64
[137; 138) 'b': f64
[137; 145) 'b /= 3.0': nothing
[142; 145) '3.0': f64
[151; 152) 'b': f64
[151; 159) 'b %= 3.0': nothing
[156; 159) '3.0': f64
[165; 166) 'a': i32
[165; 173) 'a *= 3.0': nothing
[170; 173) '3.0': f64
[198; 199) 'b': f64
[198; 204) 'b *= 3': nothing
[203; 204) '3': i32
